Archive member included because of file (symbol)

../../CMSISv2p00_LPC177x_8x/Debug/libCMSISv2p00_LPC177x_8x.a(system_LPC177x_8x.o)
                              ./Main/usbhost_main.o (SystemCoreClockUpdate)
/opt/lpcxpresso_6.0.2_151/lpcxpresso/tools/bin/../lib/gcc/arm-none-eabi/4.6.2/../../../../arm-none-eabi/lib/armv7-m/libcr_semihost.a(_cr__main.o)
                              ./Main/cr_startup_lpc17.o (__main)
/opt/lpcxpresso_6.0.2_151/lpcxpresso/tools/bin/../lib/gcc/arm-none-eabi/4.6.2/../../../../arm-none-eabi/lib/armv7-m/libcr_c.a(fpprintf.o)
                              ./Uart/usbhost_uart.o (vsprintf)
/opt/lpcxpresso_6.0.2_151/lpcxpresso/tools/bin/../lib/gcc/arm-none-eabi/4.6.2/../../../../arm-none-eabi/lib/armv7-m/libcr_c.a(initio.o)
                              /opt/lpcxpresso_6.0.2_151/lpcxpresso/tools/bin/../lib/gcc/arm-none-eabi/4.6.2/../../../../arm-none-eabi/lib/armv7-m/libcr_semihost.a(_cr__main.o) (_initio)
/opt/lpcxpresso_6.0.2_151/lpcxpresso/tools/bin/../lib/gcc/arm-none-eabi/4.6.2/../../../../arm-none-eabi/lib/armv7-m/libcr_c.a(printf.o)
                              /opt/lpcxpresso_6.0.2_151/lpcxpresso/tools/bin/../lib/gcc/arm-none-eabi/4.6.2/../../../../arm-none-eabi/lib/armv7-m/libcr_c.a(fpprintf.o) (__vfprintf)
/opt/lpcxpresso_6.0.2_151/lpcxpresso/tools/bin/../lib/gcc/arm-none-eabi/4.6.2/../../../../arm-none-eabi/lib/armv7-m/libcr_c.a(setvbuf.o)
                              /opt/lpcxpresso_6.0.2_151/lpcxpresso/tools/bin/../lib/gcc/arm-none-eabi/4.6.2/../../../../arm-none-eabi/lib/armv7-m/libcr_c.a(initio.o) (setvbuf)
/opt/lpcxpresso_6.0.2_151/lpcxpresso/tools/bin/../lib/gcc/arm-none-eabi/4.6.2/../../../../arm-none-eabi/lib/armv7-m/libcr_c.a(stdio.o)
                              /opt/lpcxpresso_6.0.2_151/lpcxpresso/tools/bin/../lib/gcc/arm-none-eabi/4.6.2/../../../../arm-none-eabi/lib/armv7-m/libcr_c.a(fpprintf.o) (__Ciob)
/opt/lpcxpresso_6.0.2_151/lpcxpresso/tools/bin/../lib/gcc/arm-none-eabi/4.6.2/../../../../arm-none-eabi/lib/armv7-m/libcr_c.a(strlen.o)
                              /opt/lpcxpresso_6.0.2_151/lpcxpresso/tools/bin/../lib/gcc/arm-none-eabi/4.6.2/../../../../arm-none-eabi/lib/armv7-m/libcr_c.a(printf.o) (strlen)
/opt/lpcxpresso_6.0.2_151/lpcxpresso/tools/bin/../lib/gcc/arm-none-eabi/4.6.2/../../../../arm-none-eabi/lib/armv7-m/libcr_c.a(memset.o)
                              /opt/lpcxpresso_6.0.2_151/lpcxpresso/tools/bin/../lib/gcc/arm-none-eabi/4.6.2/../../../../arm-none-eabi/lib/armv7-m/libcr_c.a(fpprintf.o) (memset)
/opt/lpcxpresso_6.0.2_151/lpcxpresso/tools/bin/../lib/gcc/arm-none-eabi/4.6.2/../../../../arm-none-eabi/lib/armv7-m/libcr_c.a(__fillbuf.o)
                              /opt/lpcxpresso_6.0.2_151/lpcxpresso/tools/bin/../lib/gcc/arm-none-eabi/4.6.2/../../../../arm-none-eabi/lib/armv7-m/libcr_c.a(stdio.o) (__filbuf)
/opt/lpcxpresso_6.0.2_151/lpcxpresso/tools/bin/../lib/gcc/arm-none-eabi/4.6.2/../../../../arm-none-eabi/lib/armv7-m/libcr_c.a(_deferredlazyseek.o)
                              /opt/lpcxpresso_6.0.2_151/lpcxpresso/tools/bin/../lib/gcc/arm-none-eabi/4.6.2/../../../../arm-none-eabi/lib/armv7-m/libcr_c.a(__fillbuf.o) (_deferredlazyseek)
/opt/lpcxpresso_6.0.2_151/lpcxpresso/tools/bin/../lib/gcc/arm-none-eabi/4.6.2/../../../../arm-none-eabi/lib/armv7-m/libcr_c.a(_fdopen.o)
                              /opt/lpcxpresso_6.0.2_151/lpcxpresso/tools/bin/../lib/gcc/arm-none-eabi/4.6.2/../../../../arm-none-eabi/lib/armv7-m/libcr_c.a(initio.o) (_fdopen)
/opt/lpcxpresso_6.0.2_151/lpcxpresso/tools/bin/../lib/gcc/arm-none-eabi/4.6.2/../../../../arm-none-eabi/lib/armv7-m/libcr_c.a(_fflush.o)
                              /opt/lpcxpresso_6.0.2_151/lpcxpresso/tools/bin/../lib/gcc/arm-none-eabi/4.6.2/../../../../arm-none-eabi/lib/armv7-m/libcr_c.a(__fillbuf.o) (_fflush)
/opt/lpcxpresso_6.0.2_151/lpcxpresso/tools/bin/../lib/gcc/arm-none-eabi/4.6.2/../../../../arm-none-eabi/lib/armv7-m/libcr_c.a(_frexpl.o)
                              /opt/lpcxpresso_6.0.2_151/lpcxpresso/tools/bin/../lib/gcc/arm-none-eabi/4.6.2/../../../../arm-none-eabi/lib/armv7-m/libcr_c.a(fpprintf.o) (_frexpl)
/opt/lpcxpresso_6.0.2_151/lpcxpresso/tools/bin/../lib/gcc/arm-none-eabi/4.6.2/../../../../arm-none-eabi/lib/armv7-m/libcr_c.a(_ldexpl.o)
                              /opt/lpcxpresso_6.0.2_151/lpcxpresso/tools/bin/../lib/gcc/arm-none-eabi/4.6.2/../../../../arm-none-eabi/lib/armv7-m/libcr_c.a(fpprintf.o) (_ldexpl)
/opt/lpcxpresso_6.0.2_151/lpcxpresso/tools/bin/../lib/gcc/arm-none-eabi/4.6.2/../../../../arm-none-eabi/lib/armv7-m/libcr_c.a(_writebuf.o)
                              /opt/lpcxpresso_6.0.2_151/lpcxpresso/tools/bin/../lib/gcc/arm-none-eabi/4.6.2/../../../../arm-none-eabi/lib/armv7-m/libcr_c.a(_deferredlazyseek.o) (_Cwritebuf)
/opt/lpcxpresso_6.0.2_151/lpcxpresso/tools/bin/../lib/gcc/arm-none-eabi/4.6.2/../../../../arm-none-eabi/lib/armv7-m/libcr_c.a(alloc.o)
[...]
Memory Configuration

Name             Origin             Length             Attributes
MFlash512        0x00000000         0x00080000         xr
RamLoc64         0x10000000         0x00010000         xrw
RamPeriph32      0x20000000         0x00008000         xrw
*default*        0x00000000         0xffffffff

Linker script and memory map

LOAD ./Uart/usbhost_uart.o
LOAD ./MassStorage/usbhost_ms.o
LOAD ./Main/cr_startup_lpc17.o
LOAD ./Main/usbhost_main.o
LOAD ./Host/usbhost_lpc17xx.o
LOAD ./Fat/usbhost_fat.o
LOAD ../../CMSISv2p00_LPC177x_8x/Debug/libCMSISv2p00_LPC177x_8x.a
START GROUP
LOAD /opt/lpcxpresso_6.0.2_151/lpcxpresso/tools/bin/../lib/gcc/arm-none-eabi/4.6.2/../../../../arm-none-eabi/lib/armv7-m/libcr_semihost.a
LOAD /opt/lpcxpresso_6.0.2_151/lpcxpresso/tools/bin/../lib/gcc/arm-none-eabi/4.6.2/../../../../arm-none-eabi/lib/armv7-m/libcr_c.a
LOAD /opt/lpcxpresso_6.0.2_151/lpcxpresso/tools/bin/../lib/gcc/arm-none-eabi/4.6.2/armv7-m/libcr_eabihelpers.a
END GROUP
                0x00080000                __top_MFlash512 = 0x80000
                0x10010000                __top_RamLoc64 = 0x10010000
                0x20008000                __top_RamPeriph32 = 0x20008000

.text           0x00000000     0x6048
 FILL mask 0xff
                0x00000000                __vectors_start__ = ABSOLUTE (.)
 *(.isr_vector)
 .isr_vector    0x00000000       0xcc ./Main/cr_startup_lpc17.o
                0x00000000                g_pfnVectors
                0x000000cc                . = ALIGN (0x4)
                0x000000cc                __section_table_start = .
                0x000000cc                __data_section_table = .
                0x000000cc        0x4 LONG 0x6048 LOADADDR (.data)
                0x000000d0        0x4 LONG 0x10000000 ADDR (.data)
                0x000000d4        0x4 LONG 0x10 SIZEOF (.data)
                0x000000d8        0x4 LONG 0x6048 LOADADDR (.data_RAM2)
                0x000000dc        0x4 LONG 0x20000000 ADDR (.data_RAM2)
                0x000000e0        0x4 LONG 0x0 SIZEOF (.data_RAM2)
                0x000000e4                __data_section_table_end = .
                0x000000e4                __bss_section_table = .
                0x000000e4        0x4 LONG 0x10000010 ADDR (.bss)
                0x000000e8        0x4 LONG 0x218 SIZEOF (.bss)
                0x000000ec        0x4 LONG 0x20000000 ADDR (.bss_RAM2)
                0x000000f0        0x4 LONG 0x0 SIZEOF (.bss_RAM2)
                0x000000f4                __bss_section_table_end = .
                0x000000f4                __section_table_end = .
 *(.after_vectors*)
 *(.text*)
 .text.UART_Init
                0x000000f4       0xb0 ./Uart/usbhost_uart.o
                0x000000f4                UART_Init
 .text.UART_PrintChar
                0x000001a4       0x38 ./Uart/usbhost_uart.o
                0x000001a4                UART_PrintChar
 .text.UART_PrintStr
                0x000001dc       0x50 ./Uart/usbhost_uart.o
                0x000001dc                UART_PrintStr
 .text.UART_Printf
                0x0000022c       0x38 ./Uart/usbhost_uart.o
                0x0000022c                UART_Printf
 .text.MS_Init  0x00000264       0x90 ./MassStorage/usbhost_ms.o
                0x00000264                MS_Init
 .text.MS_ParseConfiguration
                0x000002f4      0x1bc ./MassStorage/usbhost_ms.o
                0x000002f4                MS_ParseConfiguration
 .text.MS_GetMaxLUN
                0x000004b0       0x3c ./MassStorage/usbhost_ms.o
                0x000004b0                MS_GetMaxLUN
 .text.MS_GetSenseInfo
                0x000004ec       0xd8 ./MassStorage/usbhost_ms.o
                0x000004ec                MS_GetSenseInfo
 .text.MS_TestUnitReady
                0x000005c4       0xac ./MassStorage/usbhost_ms.o
                0x000005c4                MS_TestUnitReady
 .text.MS_ReadCapacity
                0x00000670      0x118 ./MassStorage/usbhost_ms.o
                0x00000670                MS_ReadCapacity
 .text.MS_Inquire
                0x00000788      0x120 ./MassStorage/usbhost_ms.o
                0x00000788                MS_Inquire
 .text.MS_BulkRecv
                0x000008a8      0x124 ./MassStorage/usbhost_ms.o
                0x000008a8                MS_BulkRecv
 .text.MS_BulkSend
                0x000009cc       0xe8 ./MassStorage/usbhost_ms.o
                0x000009cc                MS_BulkSend
 .text.Fill_MSCommand
                0x00000ab4      0x1fc ./MassStorage/usbhost_ms.o
                0x00000ab4                Fill_MSCommand
 .text.ResetISR
                0x00000cb0       0x68 ./Main/cr_startup_lpc17.o
                0x00000cb0                ResetISR
 .text.NMI_Handler
                0x00000d18        0x8 ./Main/cr_startup_lpc17.o
                0x00000d18                NMI_Handler
 .text.HardFault_Handler
                0x00000d20        0x8 ./Main/cr_startup_lpc17.o
                0x00000d20                HardFault_Handler
 .text.MemManage_Handler
                0x00000d28        0x8 ./Main/cr_startup_lpc17.o
                0x00000d28                MemManage_Handler
 .text.BusFault_Handler
                0x00000d30        0x8 ./Main/cr_startup_lpc17.o
                0x00000d30                BusFault_Handler
 .text.UsageFault_Handler
                0x00000d38        0x8 ./Main/cr_startup_lpc17.o
                0x00000d38                UsageFault_Handler
 .text.SVCall_Handler
                0x00000d40        0x8 ./Main/cr_startup_lpc17.o
                0x00000d40                SVCall_Handler
 .text.DebugMon_Handler
                0x00000d48        0x8 ./Main/cr_startup_lpc17.o
                0x00000d48                DebugMon_Handler
 .text.PendSV_Handler
                0x00000d50        0x8 ./Main/cr_startup_lpc17.o
                0x00000d50                PendSV_Handler
 .text.SysTick_Handler
                0x00000d58        0x8 ./Main/cr_startup_lpc17.o
                0x00000d58                SysTick_Handler
 .text.IntDefaultHandler
                0x00000d60        0x8 ./Main/cr_startup_lpc17.o
                0x00000d60                TIMER2_IRQHandler
                0x00000d60                RIT_IRQHandler
                0x00000d60                I2C0_IRQHandler
                0x00000d60                USBActivity_IRQHandler
                0x00000d60                PWM1_IRQHandler
                0x00000d60                I2C1_IRQHandler
                0x00000d60                EINT2_IRQHandler
                0x00000d60                UART1_IRQHandler
                0x00000d60                EINT3_IRQHandler
                0x00000d60                CANActivity_IRQHandler
                0x00000d60                TIMER3_IRQHandler
                0x00000d60                UART0_IRQHandler
                0x00000d60                IntDefaultHandler
                0x00000d60                PLL0_IRQHandler
                0x00000d60                CAN_IRQHandler
                0x00000d60                PLL1_IRQHandler
                0x00000d60                SSP0_IRQHandler
                0x00000d60                I2S_IRQHandler
                0x00000d60                I2C2_IRQHandler
                0x00000d60                RTC_IRQHandler
                0x00000d60                TIMER0_IRQHandler
                0x00000d60                SPI_IRQHandler
                0x00000d60                EINT1_IRQHandler
                0x00000d60                TIMER1_IRQHandler
                0x00000d60                UART2_IRQHandler
                0x00000d60                ADC_IRQHandler
                0x00000d60                SSP1_IRQHandler
                0x00000d60                BOD_IRQHandler
                0x00000d60                WDT_IRQHandler
                0x00000d60                QEI_IRQHandler
                0x00000d60                EINT0_IRQHandler
                0x00000d60                DMA_IRQHandler
                0x00000d60                UART3_IRQHandler
                0x00000d60                MCPWM_IRQHandler
                0x00000d60                ENET_IRQHandler
 .text.main     0x00000d68       0x74 ./Main/usbhost_main.o
                0x00000d68                main
 .text.Main_Copy
                0x00000ddc       0xd8 ./Main/usbhost_main.o
                0x00000ddc                Main_Copy
 .text.NVIC_EnableIRQ
                0x00000eb4       0x38 ./Host/usbhost_lpc17xx.o
 .text.NVIC_SetPriority
                0x00000eec       0x5c ./Host/usbhost_lpc17xx.o
 .text.Host_DelayMS
                0x00000f48       0x30 ./Host/usbhost_lpc17xx.o
                0x00000f48                Host_DelayMS
 .text.Host_DelayUS
                0x00000f78       0x30 ./Host/usbhost_lpc17xx.o
                0x00000f78                Host_DelayUS
 .text.Host_Init
                0x00000fa8      0x284 ./Host/usbhost_lpc17xx.o
                0x00000fa8                Host_Init
 .text.USB_IRQHandler
                0x0000122c      0x310 ./Host/usbhost_lpc17xx.o
                0x0000122c                USB_IRQHandler
 .text.Host_ProcessTD
                0x0000153c      0x1b0 ./Host/usbhost_lpc17xx.o
                0x0000153c                Host_ProcessTD
 .text.Host_EnumDev
                0x000016ec      0x2d8 ./Host/usbhost_lpc17xx.o
                0x000016ec                Host_EnumDev
 .text.Host_CtrlRecv
                0x000019c4       0xa8 ./Host/usbhost_lpc17xx.o
                0x000019c4                Host_CtrlRecv
 .text.Host_CtrlSend
                0x00001a6c       0xa8 ./Host/usbhost_lpc17xx.o
                0x00001a6c                Host_CtrlSend
 .text.Host_FillSetup
                0x00001b14       0xac ./Host/usbhost_lpc17xx.o
                0x00001b14                Host_FillSetup
 .text.Host_TDInit
                0x00001bc0       0x34 ./Host/usbhost_lpc17xx.o
                0x00001bc0                Host_TDInit
 .text.Host_EDInit
                0x00001bf4       0x34 ./Host/usbhost_lpc17xx.o
                0x00001bf4                Host_EDInit
 .text.Host_HCCAInit
                0x00001c28       0x48 ./Host/usbhost_lpc17xx.o
                0x00001c28                Host_HCCAInit
 .text.Host_WDHWait
                0x00001c70       0x28 ./Host/usbhost_lpc17xx.o
                0x00001c70                Host_WDHWait
 .text.ReadLE32U
                0x00001c98       0x54 ./Host/usbhost_lpc17xx.o
                0x00001c98                ReadLE32U
 .text.WriteLE32U
                0x00001cec       0x40 ./Host/usbhost_lpc17xx.o
                0x00001cec                WriteLE32U
 .text.ReadLE16U
                0x00001d2c       0x34 ./Host/usbhost_lpc17xx.o
                0x00001d2c                ReadLE16U
 .text.WriteLE16U
                0x00001d60       0x30 ./Host/usbhost_lpc17xx.o
                0x00001d60                WriteLE16U
 .text.ReadBE32U
                0x00001d90       0x54 ./Host/usbhost_lpc17xx.o
                0x00001d90                ReadBE32U
 .text.WriteBE32U
                0x00001de4       0x40 ./Host/usbhost_lpc17xx.o
                0x00001de4                WriteBE32U
 .text.WriteBE16U
                0x00001e24       0x30 ./Host/usbhost_lpc17xx.o
                0x00001e24                WriteBE16U
 .text.FAT_Init
                0x00001e54      0x320 ./Fat/usbhost_fat.o
                0x00001e54                FAT_Init
 .text.FAT_GetFATType
                0x00002174       0x70 ./Fat/usbhost_fat.o
                0x00002174                FAT_GetFATType
 .text.FILE_Open
                0x000021e4       0xd0 ./Fat/usbhost_fat.o
                0x000021e4                FILE_Open
 .text.FAT_FindEntry
                0x000022b4      0x114 ./Fat/usbhost_fat.o
                0x000022b4                FAT_FindEntry
 .text.FAT_GetSFN
                0x000023c8       0x80 ./Fat/usbhost_fat.o
                0x000023c8                FAT_GetSFN
 .text.FAT_GetSfnName
                0x00002448       0x70 ./Fat/usbhost_fat.o
                0x00002448                FAT_GetSfnName
 .text.FAT_GetSfnExt
                0x000024b8       0x8c ./Fat/usbhost_fat.o
                0x000024b8                FAT_GetSfnExt
 .text.FAT_StrCaseCmp
                0x00002544       0x8c ./Fat/usbhost_fat.o
                0x00002544                FAT_StrCaseCmp
 .text.FAT_ChkEntType
                0x000025d0       0x4c ./Fat/usbhost_fat.o
                0x000025d0                FAT_ChkEntType
 .text.FILE_Read
                0x0000261c      0x194 ./Fat/usbhost_fat.o
                0x0000261c                FILE_Read
 .text.FAT_ClusRead
                0x000027b0      0x204 ./Fat/usbhost_fat.o
                0x000027b0                FAT_ClusRead
 .text.FILE_Write
                0x000029b4      0x1c8 ./Fat/usbhost_fat.o
                0x000029b4                FILE_Write
 .text.FAT_ClusWrite
                0x00002b7c      0x230 ./Fat/usbhost_fat.o
                0x00002b7c                FAT_ClusWrite
 .text.FAT_GetNextClus
                0x00002dac       0x94 ./Fat/usbhost_fat.o
                0x00002dac                FAT_GetNextClus
 .text.FAT_GetFreeClus
                0x00002e40       0xc8 ./Fat/usbhost_fat.o
                0x00002e40                FAT_GetFreeClus
 .text.FAT_UpdateFAT
                0x00002f08       0x9c ./Fat/usbhost_fat.o
                0x00002f08                FAT_UpdateFAT
 .text.FAT_CreateEntry
                0x00002fa4       0x48 ./Fat/usbhost_fat.o
                0x00002fa4                FAT_CreateEntry
 .text.FAT_GetFreeEntry
                0x00002fec       0xcc ./Fat/usbhost_fat.o
                0x00002fec                FAT_GetFreeEntry
 .text.FAT_PutSFN
                0x000030b8      0x170 ./Fat/usbhost_fat.o
                0x000030b8                FAT_PutSFN
 .text.FILE_Close
                0x00003228       0xb4 ./Fat/usbhost_fat.o
                0x00003228                FILE_Close
 .text.FAT_GetEndClus
                0x000032dc       0x38 ./Fat/usbhost_fat.o
                0x000032dc                FAT_GetEndClus
 .text.SystemCoreClockUpdate
                0x00003314      0x164 ../../CMSISv2p00_LPC177x_8x/Debug/libCMSISv2p00_LPC177x_8x.a(system_LPC177x_8x.o)
                0x00003314                SystemCoreClockUpdate
 .text.SystemInit
                0x00003478       0xa0 ../../CMSISv2p00_LPC177x_8x/Debug/libCMSISv2p00_LPC177x_8x.a(system_LPC177x_8x.o)
                0x00003478                SystemInit
 .text.__main   0x00003518       0x14 /opt/lpcxpresso_6.0.2_151/lpcxpresso/tools/bin/../lib/gcc/arm-none-eabi/4.6.2/../../../../arm-none-eabi/lib/armv7-m/libcr_semihost.a(_cr__main.o)
                0x00003518                __main
                0x00003518                __CR_SEMIHOST
 .text.lose_trailing_zeros
                0x0000352c       0x1e /opt/lpcxpresso_6.0.2_151/lpcxpresso/tools/bin/../lib/gcc/arm-none-eabi/4.6.2/../../../../arm-none-eabi/lib/armv7-m/libcr_c.a(fpprintf.o)
 .text.fp_round
                0x0000354a       0x54 /opt/lpcxpresso_6.0.2_151/lpcxpresso/tools/bin/../lib/gcc/arm-none-eabi/4.6.2/../../../../arm-none-eabi/lib/armv7-m/libcr_c.a(fpprintf.o)
 .text.pr_dec.constprop.1
                0x0000359e       0x22 /opt/lpcxpresso_6.0.2_151/lpcxpresso/tools/bin/../lib/gcc/arm-none-eabi/4.6.2/../../../../arm-none-eabi/lib/armv7-m/libcr_c.a(fpprintf.o)
 .text.sprintf  0x000035c0       0x70 /opt/lpcxpresso_6.0.2_151/lpcxpresso/tools/bin/../lib/gcc/arm-none-eabi/4.6.2/../../../../arm-none-eabi/lib/armv7-m/libcr_c.a(fpprintf.o)
                0x000035c0                sprintf
 .text.fp_display
                0x00003630      0x908 /opt/lpcxpresso_6.0.2_151/lpcxpresso/tools/bin/../lib/gcc/arm-none-eabi/4.6.2/../../../../arm-none-eabi/lib/armv7-m/libcr_c.a(fpprintf.o)
 .text.vsprintf
                0x00003f38       0x5c /opt/lpcxpresso_6.0.2_151/lpcxpresso/tools/bin/../lib/gcc/arm-none-eabi/4.6.2/../../../../arm-none-eabi/lib/armv7-m/libcr_c.a(fpprintf.o)
                0x00003f38                vsprintf
 .text._initio  0x00003f94       0x9c /opt/lpcxpresso_6.0.2_151/lpcxpresso/tools/bin/../lib/gcc/arm-none-eabi/4.6.2/../../../../arm-none-eabi/lib/armv7-m/libcr_c.a(initio.o)
                0x00003f94                _initio
 .text.__vfprintf
                0x00004030      0xd54 /opt/lpcxpresso_6.0.2_151/lpcxpresso/tools/bin/../lib/gcc/arm-none-eabi/4.6.2/../../../../arm-none-eabi/lib/armv7-m/libcr_c.a(printf.o)
                0x00004030                __vfprintf
 .text.setvbuf  0x00004d84       0x48 /opt/lpcxpresso_6.0.2_151/lpcxpresso/tools/bin/../lib/gcc/arm-none-eabi/4.6.2/../../../../arm-none-eabi/lib/armv7-m/libcr_c.a(setvbuf.o)
                0x00004d84                setvbuf
 .text.strlen   0x00004dcc       0x4c /opt/lpcxpresso_6.0.2_151/lpcxpresso/tools/bin/../lib/gcc/arm-none-eabi/4.6.2/../../../../arm-none-eabi/lib/armv7-m/libcr_c.a(strlen.o)
                0x00004dcc                strlen
 .text.memset   0x00004e18        0x4 /opt/lpcxpresso_6.0.2_151/lpcxpresso/tools/bin/../lib/gcc/arm-none-eabi/4.6.2/../../../../arm-none-eabi/lib/armv7-m/libcr_c.a(memset.o)
                0x00004e18                memset
 .text._deferredlazyseek
                0x00004e1c       0x44 /opt/lpcxpresso_6.0.2_151/lpcxpresso/tools/bin/../lib/gcc/arm-none-eabi/4.6.2/../../../../arm-none-eabi/lib/armv7-m/libcr_c.a(_deferredlazyseek.o)
                0x00004e1c                _deferredlazyseek
 .text.__flsbuf
                0x00004e60      0x14e /opt/lpcxpresso_6.0.2_151/lpcxpresso/tools/bin/../lib/gcc/arm-none-eabi/4.6.2/../../../../arm-none-eabi/lib/armv7-m/libcr_c.a(_deferredlazyseek.o)
                0x00004e60                __flsbuf
 .text._fdopen  0x00004fae       0x6c /opt/lpcxpresso_6.0.2_151/lpcxpresso/tools/bin/../lib/gcc/arm-none-eabi/4.6.2/../../../../arm-none-eabi/lib/armv7-m/libcr_c.a(_fdopen.o)
                0x00004fae                _fdopen
 .text._fflush  0x0000501a       0x58 /opt/lpcxpresso_6.0.2_151/lpcxpresso/tools/bin/../lib/gcc/arm-none-eabi/4.6.2/../../../../arm-none-eabi/lib/armv7-m/libcr_c.a(_fflush.o)
                0x0000501a                _fflush
 .text._frexpl  0x00005072       0x60 /opt/lpcxpresso_6.0.2_151/lpcxpresso/tools/bin/../lib/gcc/arm-none-eabi/4.6.2/../../../../arm-none-eabi/lib/armv7-m/libcr_c.a(_frexpl.o)
                0x00005072                _frexpl
 *fill*         0x000050d2        0x2 00
 .text._ldexpl  0x000050d4       0x50 /opt/lpcxpresso_6.0.2_151/lpcxpresso/tools/bin/../lib/gcc/arm-none-eabi/4.6.2/../../../../arm-none-eabi/lib/armv7-m/libcr_c.a(_ldexpl.o)
                0x000050d4                _ldexpl
 .text._Cwritebuf
                0x00005124       0x84 /opt/lpcxpresso_6.0.2_151/lpcxpresso/tools/bin/../lib/gcc/arm-none-eabi/4.6.2/../../../../arm-none-eabi/lib/armv7-m/libcr_c.a(_writebuf.o)
                0x00005124                _Cwritebuf
 .text.malloc   0x000051a8       0xbc /opt/lpcxpresso_6.0.2_151/lpcxpresso/tools/bin/../lib/gcc/arm-none-eabi/4.6.2/../../../../arm-none-eabi/lib/armv7-m/libcr_c.a(alloc.o)
                0x000051a8                malloc
 .text.free     0x00005264        0xa /opt/lpcxpresso_6.0.2_151/lpcxpresso/tools/bin/../lib/gcc/arm-none-eabi/4.6.2/../../../../arm-none-eabi/lib/armv7-m/libcr_c.a(alloc.o)
                0x00005264                free
 *fill*         0x0000526e        0x2 00
 .text._Csys_alloc
                0x00005270       0x20 /opt/lpcxpresso_6.0.2_151/lpcxpresso/tools/bin/../lib/gcc/arm-none-eabi/4.6.2/../../../../arm-none-eabi/lib/armv7-m/libcr_c.a(alloc.o)
                0x00005270                _Csys_alloc
 .text.fclose   0x00005290       0x6c /opt/lpcxpresso_6.0.2_151/lpcxpresso/tools/bin/../lib/gcc/arm-none-eabi/4.6.2/../../../../arm-none-eabi/lib/armv7-m/libcr_c.a(fclose.o)
                0x00005290                fclose
 .text.fflush   0x000052fc       0x34 /opt/lpcxpresso_6.0.2_151/lpcxpresso/tools/bin/../lib/gcc/arm-none-eabi/4.6.2/../../../../arm-none-eabi/lib/armv7-m/libcr_c.a(fflush.o)
                0x000052fc                fflush
 .text.fseek    0x00005330      0x104 /opt/lpcxpresso_6.0.2_151/lpcxpresso/tools/bin/../lib/gcc/arm-none-eabi/4.6.2/../../../../arm-none-eabi/lib/armv7-m/libcr_c.a(fseek.o)
                0x00005330                fseek
 .text.ftell    0x00005434       0x4c /opt/lpcxpresso_6.0.2_151/lpcxpresso/tools/bin/../lib/gcc/arm-none-eabi/4.6.2/../../../../arm-none-eabi/lib/armv7-m/libcr_c.a(ftell.o)
                0x00005434                ftell
 .text.remove   0x00005480       0x14 /opt/lpcxpresso_6.0.2_151/lpcxpresso/tools/bin/../lib/gcc/arm-none-eabi/4.6.2/../../../../arm-none-eabi/lib/armv7-m/libcr_c.a(remove.o)
                0x00005480                remove
 .text._do_fflush
                0x00005494       0x42 /opt/lpcxpresso_6.0.2_151/lpcxpresso/tools/bin/../lib/gcc/arm-none-eabi/4.6.2/../../../../arm-none-eabi/lib/armv7-m/libcr_c.a(_do_fflush.o)
                0x00005494                _do_fflush
 *fill*         0x000054d6        0x2 00
 .text.__aeabi_dmul
                0x000054d8      0x138 /opt/lpcxpresso_6.0.2_151/lpcxpresso/tools/bin/../lib/gcc/arm-none-eabi/4.6.2/armv7-m/libcr_eabihelpers.a(double.o)
                0x000054d8                __aeabi_dmul
 .text.__aeabi_ddiv
                0x00005610      0x168 /opt/lpcxpresso_6.0.2_151/lpcxpresso/tools/bin/../lib/gcc/arm-none-eabi/4.6.2/armv7-m/libcr_eabihelpers.a(double.o)
                0x00005610                __aeabi_ddiv
 .text.__aeabi_dsub
                0x00005778      0x1f4 /opt/lpcxpresso_6.0.2_151/lpcxpresso/tools/bin/../lib/gcc/arm-none-eabi/4.6.2/armv7-m/libcr_eabihelpers.a(double.o)
                0x00005778                __aeabi_dsub
 .text.__aeabi_dadd
                0x0000596c      0x154 /opt/lpcxpresso_6.0.2_151/lpcxpresso/tools/bin/../lib/gcc/arm-none-eabi/4.6.2/armv7-m/libcr_eabihelpers.a(double.o)
                0x0000596c                __aeabi_dadd
 .text.__aeabi_d2iz
                0x00005ac0       0x40 /opt/lpcxpresso_6.0.2_151/lpcxpresso/tools/bin/../lib/gcc/arm-none-eabi/4.6.2/armv7-m/libcr_eabihelpers.a(double.o)
                0x00005ac0                __aeabi_d2iz
 .text.__bhs_ui2d
                0x00005b00       0x5c /opt/lpcxpresso_6.0.2_151/lpcxpresso/tools/bin/../lib/gcc/arm-none-eabi/4.6.2/armv7-m/libcr_eabihelpers.a(double.o)
                0x00005b00                __bhs_ui2d
 .text.__aeabi_i2d
                0x00005b5c       0x10 /opt/lpcxpresso_6.0.2_151/lpcxpresso/tools/bin/../lib/gcc/arm-none-eabi/4.6.2/armv7-m/libcr_eabihelpers.a(double.o)
                0x00005b5c                __aeabi_i2d
 .text.__aeabi_dcmpeq
                0x00005b6c       0x3c /opt/lpcxpresso_6.0.2_151/lpcxpresso/tools/bin/../lib/gcc/arm-none-eabi/4.6.2/armv7-m/libcr_eabihelpers.a(double.o)
                0x00005b6c                __aeabi_dcmpeq
 .text.__aeabi_dcmplt
                0x00005ba8       0x5c /opt/lpcxpresso_6.0.2_151/lpcxpresso/tools/bin/../lib/gcc/arm-none-eabi/4.6.2/armv7-m/libcr_eabihelpers.a(double.o)
                0x00005ba8                __aeabi_dcmplt
 .text.__aeabi_dcmple
                0x00005c04       0x58 /opt/lpcxpresso_6.0.2_151/lpcxpresso/tools/bin/../lib/gcc/arm-none-eabi/4.6.2/armv7-m/libcr_eabihelpers.a(double.o)
                0x00005c04                __aeabi_dcmple
 .text.__aeabi_dcmpge
                0x00005c5c       0x5c /opt/lpcxpresso_6.0.2_151/lpcxpresso/tools/bin/../lib/gcc/arm-none-eabi/4.6.2/armv7-m/libcr_eabihelpers.a(double.o)
                0x00005c5c                __aeabi_dcmpge
 .text.__aeabi_memset_lowlevel
                0x00005cb8       0x24 /opt/lpcxpresso_6.0.2_151/lpcxpresso/tools/bin/../lib/gcc/arm-none-eabi/4.6.2/armv7-m/libcr_eabihelpers.a(memcpy.o)
                0x00005cb8                __aeabi_lowlevel_memset
 .text.__sys_appexit
                0x00005cdc        0xc /opt/lpcxpresso_6.0.2_151/lpcxpresso/tools/bin/../lib/gcc/arm-none-eabi/4.6.2/../../../../arm-none-eabi/lib/armv7-m/libcr_semihost.a(__sys_appexit.o)
                0x00005cdc                __exit
                0x00005cdc                __sys_appexit
 .text.__sys_close
                0x00005ce8        0xc /opt/lpcxpresso_6.0.2_151/lpcxpresso/tools/bin/../lib/gcc/arm-none-eabi/4.6.2/../../../../arm-none-eabi/lib/armv7-m/libcr_semihost.a(__sys_close.o)
                0x00005ce8                __sys_close
 .text.__sys_flen
                0x00005cf4        0xc /opt/lpcxpresso_6.0.2_151/lpcxpresso/tools/bin/../lib/gcc/arm-none-eabi/4.6.2/../../../../arm-none-eabi/lib/armv7-m/libcr_semihost.a(__sys_flen.o)
                0x00005cf4                __sys_flen
 .text.__sys_istty
                0x00005d00        0xc /opt/lpcxpresso_6.0.2_151/lpcxpresso/tools/bin/../lib/gcc/arm-none-eabi/4.6.2/../../../../arm-none-eabi/lib/armv7-m/libcr_semihost.a(__sys_istty.o)
                0x00005d00                __sys_istty
 .text.__sys_remove
                0x00005d0c        0xc /opt/lpcxpresso_6.0.2_151/lpcxpresso/tools/bin/../lib/gcc/arm-none-eabi/4.6.2/../../../../arm-none-eabi/lib/armv7-m/libcr_semihost.a(__sys_remove.o)
                0x00005d0c                __sys_remove
 .text.__sys_seek
                0x00005d18        0xc /opt/lpcxpresso_6.0.2_151/lpcxpresso/tools/bin/../lib/gcc/arm-none-eabi/4.6.2/../../../../arm-none-eabi/lib/armv7-m/libcr_semihost.a(__sys_seek.o)
                0x00005d18                __sys_seek
 .text.__sys_tmpnam
                0x00005d24        0xc /opt/lpcxpresso_6.0.2_151/lpcxpresso/tools/bin/../lib/gcc/arm-none-eabi/4.6.2/../../../../arm-none-eabi/lib/armv7-m/libcr_semihost.a(__sys_tmpnam.o)
                0x00005d24                __sys_tmpnam
 .text.__sys_write
                0x00005d30        0xc /opt/lpcxpresso_6.0.2_151/lpcxpresso/tools/bin/../lib/gcc/arm-none-eabi/4.6.2/../../../../arm-none-eabi/lib/armv7-m/libcr_semihost.a(__sys_write.o)
                0x00005d30                __write
                0x00005d30                __sys_write
 .text._sbrk    0x00005d3c       0x40 /opt/lpcxpresso_6.0.2_151/lpcxpresso/tools/bin/../lib/gcc/arm-none-eabi/4.6.2/../../../../arm-none-eabi/lib/armv7-m/libcr_semihost.a(_cr_sbrk.o)
                0x00005d3c                _sbrk
 .text.__check_heap_overflow
                0x00005d7c       0x2c /opt/lpcxpresso_6.0.2_151/lpcxpresso/tools/bin/../lib/gcc/arm-none-eabi/4.6.2/../../../../arm-none-eabi/lib/armv7-m/libcr_semihost.a(_cr_check_heap.o)
                0x00005d7c                __check_heap_overflow
 *(.rodata .rodata.*)
 .rodata        0x00005da8       0x60 ./MassStorage/usbhost_ms.o
 .rodata.__FUNCTION__.5438
                0x00005e08        0x8 ./MassStorage/usbhost_ms.o
 .rodata        0x00005e10       0xa8 ./Main/usbhost_main.o
 .rodata        0x00005eb8       0xc4 ./Host/usbhost_lpc17xx.o
 .rodata.__FUNCTION__.5488
                0x00005f7c       0x10 ./Host/usbhost_lpc17xx.o
 .rodata        0x00005f8c       0x24 ./Fat/usbhost_fat.o
 .rodata.__FUNCTION__.5439
                0x00005fb0        0xc ./Fat/usbhost_fat.o
 .rodata.str1.1
                0x00005fbc       0x34 /opt/lpcxpresso_6.0.2_151/lpcxpresso/tools/bin/../lib/gcc/arm-none-eabi/4.6.2/../../../../arm-none-eabi/lib/armv7-m/libcr_c.a(fpprintf.o)
                                 0x35 (size before relaxing)
 .rodata.str1.1
                0x00005ff0        0x4 /opt/lpcxpresso_6.0.2_151/lpcxpresso/tools/bin/../lib/gcc/arm-none-eabi/4.6.2/../../../../arm-none-eabi/lib/armv7-m/libcr_c.a(initio.o)
 .rodata.str1.1
                0x00005ff4       0x31 /opt/lpcxpresso_6.0.2_151/lpcxpresso/tools/bin/../lib/gcc/arm-none-eabi/4.6.2/../../../../arm-none-eabi/lib/armv7-m/libcr_c.a(printf.o)
                                 0x38 (size before relaxing)
 .rodata.str1.1
                0x00006025       0x18 /opt/lpcxpresso_6.0.2_151/lpcxpresso/tools/bin/../lib/gcc/arm-none-eabi/4.6.2/../../../../arm-none-eabi/lib/armv7-m/libcr_c.a(alloc.o)
 *fill*         0x0000603d        0x3 00
 .rodata.__huge_vall
                0x00006040        0x8 /opt/lpcxpresso_6.0.2_151/lpcxpresso/tools/bin/../lib/gcc/arm-none-eabi/4.6.2/../../../../arm-none-eabi/lib/armv7-m/libcr_c.a(_hugeval.o)
                0x00006040                __huge_vall
                0x00006048                . = ALIGN (0x4)

.glue_7         0x00006048        0x0
 .glue_7        0x00000000        0x0 linker stubs

.glue_7t        0x00006048        0x0
 .glue_7t       0x00000000        0x0 linker stubs

.vfp11_veneer   0x00006048        0x0
 .vfp11_veneer  0x00000000        0x0 linker stubs

.v4_bx          0x00006048        0x0
 .v4_bx         0x00000000        0x0 linker stubs

.ARM.extab
 *(.ARM.extab* .gnu.linkonce.armextab.*)
                0x00006048                __exidx_start = .

.ARM.exidx
 *(.ARM.exidx* .gnu.linkonce.armexidx.*)
                0x00006048                __exidx_end = .
                0x00006048                _etext = .

.data_RAM2      0x20000000        0x0 load address 0x00006048
 FILL mask 0xff
 *(.data.$RAM2*)
 *(.data.$RamPeriph32*)
                0x20000000                . = ALIGN (0x4)

.uninit_RESERVED
                0x10000000        0x0
 *(.bss.$RESERVED*)
                0x10000000                . = ALIGN (0x4)
                0x10000000                _end_uninit_RESERVED = .

.data           0x10000000       0x10 load address 0x00006048
 FILL mask 0xff
                0x10000000                _data = .
 *(vtable)
 *(.data*)
 .data.USBClock
                0x10000000        0x4 ../../CMSISv2p00_LPC177x_8x/Debug/libCMSISv2p00_LPC177x_8x.a(system_LPC177x_8x.o)
                0x10000000                USBClock
 .data.EMCClock
                0x10000004        0x4 ../../CMSISv2p00_LPC177x_8x/Debug/libCMSISv2p00_LPC177x_8x.a(system_LPC177x_8x.o)
                0x10000004                EMCClock
 .data.PeripheralClock
                0x10000008        0x4 ../../CMSISv2p00_LPC177x_8x/Debug/libCMSISv2p00_LPC177x_8x.a(system_LPC177x_8x.o)
                0x10000008                PeripheralClock
 .data.SystemCoreClock
                0x1000000c        0x4 ../../CMSISv2p00_LPC177x_8x/Debug/libCMSISv2p00_LPC177x_8x.a(system_LPC177x_8x.o)
                0x1000000c                SystemCoreClock
                0x10000010                . = ALIGN (0x4)
                0x10000010                _edata = .

.bss_RAM2       0x20000000        0x0
 *(.bss.$RAM2*)
 *(.bss.$RamPeriph32*)
                0x20000000                . = ALIGN (0x4)

.bss            0x10000010      0x218
                0x10000010                _bss = .
 *(.bss*)
 .bss.buffer.5448
                0x10000010       0x2c ./Uart/usbhost_uart.o
 .bss.tag_cnt.5502
                0x1000003c        0x4 ./MassStorage/usbhost_ms.o
 .bss.HOST_RhscIntr
                0x10000040        0x4 ./Host/usbhost_lpc17xx.o
                0x10000040                HOST_RhscIntr
 .bss.HOST_WdhIntr
                0x10000044        0x4 ./Host/usbhost_lpc17xx.o
                0x10000044                HOST_WdhIntr
 .bss.HOST_TDControlStatus
                0x10000048        0x1 ./Host/usbhost_lpc17xx.o
                0x10000048                HOST_TDControlStatus
 *fill*         0x10000049        0x3 00
 .bss.UnrecoverableIntCount
                0x1000004c        0x4 ./Host/usbhost_lpc17xx.o
                0x1000004c                UnrecoverableIntCount
 .bss.FAT_BootSec
                0x10000050       0x28 ./Fat/usbhost_fat.o
 .bss.FAT_FileEntry
                0x10000078       0x30 ./Fat/usbhost_fat.o
 .bss.errno     0x100000a8        0x4 /opt/lpcxpresso_6.0.2_151/lpcxpresso/tools/bin/../lib/gcc/arm-none-eabi/4.6.2/../../../../arm-none-eabi/lib/armv7-m/libcr_c.a(errno.o)
                0x100000a8                errno
 *(COMMON)
 COMMON         0x100000ac        0x4 ./MassStorage/usbhost_ms.o
                0x100000ac                MS_BlkSize
 COMMON         0x100000b0       0x2c ./Host/usbhost_lpc17xx.o
                0x100000b0                TDBufNonVol
                0x100000b4                FATBuffer
                0x100000b8                Hcca
                0x100000bc                TDTail
                0x100000c0                EDBulkOut
                0x100000c4                UserBuffer
                0x100000c8                gUSBConnected
                0x100000cc                TDBuffer
                0x100000d0                EDBulkIn
                0x100000d4                EDCtrl
                0x100000d8                TDHead
 COMMON         0x100000dc        0x4 /opt/lpcxpresso_6.0.2_151/lpcxpresso/tools/bin/../lib/gcc/arm-none-eabi/4.6.2/../../../../arm-none-eabi/lib/armv7-m/libcr_c.a(initio.o)
                0x100000dc                _extra
 COMMON         0x100000e0      0x140 /opt/lpcxpresso_6.0.2_151/lpcxpresso/tools/bin/../lib/gcc/arm-none-eabi/4.6.2/../../../../arm-none-eabi/lib/armv7-m/libcr_c.a(stdio.o)
                0x100000e0                __Ciob
 COMMON         0x10000220        0x8 /opt/lpcxpresso_6.0.2_151/lpcxpresso/tools/bin/../lib/gcc/arm-none-eabi/4.6.2/../../../../arm-none-eabi/lib/armv7-m/libcr_c.a(__init_alloc.o)
                0x10000220                __heaps
                0x10000224                __end_of_heap
                0x10000228                . = ALIGN (0x4)
                0x10000228                _ebss = .
                0x10000228                PROVIDE (end, .)

.noinit_RAM2    0x20000000        0x0
 *(.noinit.$RAM2*)
 *(.noinit.$RamPeriph32*)
                0x20000000                . = ALIGN (0x4)

.noinit         0x10000228        0x0
                0x10000228                _noinit = .
 *(.noinit*)
                0x10000228                . = ALIGN (0x4)
                0x10000228                _end_noinit = .
                0x10000228                PROVIDE (_pvHeapStart, .)
                0x10010000                PROVIDE (_vStackTop, (__top_RamLoc64 - 0x0))
OUTPUT(USBHostLite.axf elf32-littlearm)

.debug_info     0x00000000     0x4941
 .debug_info    0x00000000      0xe32 ./Uart/usbhost_uart.o
 .debug_info    0x00000e32      0x528 ./MassStorage/usbhost_ms.o
 .debug_info    0x0000135a      0x210 ./Main/cr_startup_lpc17.o
 .debug_info    0x0000156a      0x212 ./Main/usbhost_main.o
 .debug_info    0x0000177c     0x20b4 ./Host/usbhost_lpc17xx.o
 .debug_info    0x00003830      0xb0a ./Fat/usbhost_fat.o
 .debug_info    0x0000433a      0x607 ../../CMSISv2p00_LPC177x_8x/Debug/libCMSISv2p00_LPC177x_8x.a(system_LPC177x_8x.o)

.debug_abbrev   0x00000000      0x94d
 .debug_abbrev  0x00000000      0x183 ./Uart/usbhost_uart.o
 .debug_abbrev  0x00000183      0x17d ./MassStorage/usbhost_ms.o
 .debug_abbrev  0x00000300       0xb4 ./Main/cr_startup_lpc17.o
 .debug_abbrev  0x000003b4       0xcb ./Main/usbhost_main.o
 .debug_abbrev  0x0000047f      0x250 ./Host/usbhost_lpc17xx.o
 .debug_abbrev  0x000006cf      0x163 ./Fat/usbhost_fat.o
 .debug_abbrev  0x00000832      0x11b ../../CMSISv2p00_LPC177x_8x/Debug/libCMSISv2p00_LPC177x_8x.a(system_LPC177x_8x.o)

.debug_loc      0x00000000      0xfd8
 .debug_loc     0x00000000       0xec ./Uart/usbhost_uart.o
 .debug_loc     0x000000ec      0x230 ./MassStorage/usbhost_ms.o
 .debug_loc     0x0000031c      0x1f0 ./Main/cr_startup_lpc17.o
 .debug_loc     0x0000050c       0xe0 ./Main/usbhost_main.o
 .debug_loc     0x000005ec      0x4fc ./Host/usbhost_lpc17xx.o
 .debug_loc     0x00000ae8      0x4d0 ./Fat/usbhost_fat.o
 .debug_loc     0x00000fb8       0x20 ../../CMSISv2p00_LPC177x_8x/Debug/libCMSISv2p00_LPC177x_8x.a(system_LPC177x_8x.o)

.debug_aranges  0x00000000      0x308
 .debug_aranges
                0x00000000       0x38 ./Uart/usbhost_uart.o
 .debug_aranges
                0x00000038       0x68 ./MassStorage/usbhost_ms.o
 .debug_aranges
                0x000000a0       0x70 ./Main/cr_startup_lpc17.o
 .debug_aranges
                0x00000110       0x38 ./Main/usbhost_main.o
 .debug_aranges
                0x00000148       0xd0 ./Host/usbhost_lpc17xx.o
 .debug_aranges
                0x00000218       0xc8 ./Fat/usbhost_fat.o
 .debug_aranges
                0x000002e0       0x28 ../../CMSISv2p00_LPC177x_8x/Debug/libCMSISv2p00_LPC177x_8x.a(system_LPC177x_8x.o)

.debug_ranges   0x00000000      0x298
 .debug_ranges  0x00000000       0x28 ./Uart/usbhost_uart.o
 .debug_ranges  0x00000028       0x58 ./MassStorage/usbhost_ms.o
 .debug_ranges  0x00000080       0x60 ./Main/cr_startup_lpc17.o
 .debug_ranges  0x000000e0       0x28 ./Main/usbhost_main.o
 .debug_ranges  0x00000108       0xc0 ./Host/usbhost_lpc17xx.o
 .debug_ranges  0x000001c8       0xb8 ./Fat/usbhost_fat.o
 .debug_ranges  0x00000280       0x18 ../../CMSISv2p00_LPC177x_8x/Debug/libCMSISv2p00_LPC177x_8x.a(system_LPC177x_8x.o)

.debug_line     0x00000000     0x287d
 .debug_line    0x00000000      0x4f2 ./Uart/usbhost_uart.o
 .debug_line    0x000004f2      0x645 ./MassStorage/usbhost_ms.o
 .debug_line    0x00000b37      0x428 ./Main/cr_startup_lpc17.o
 .debug_line    0x00000f5f      0x51c ./Main/usbhost_main.o
 .debug_line    0x0000147b      0x794 ./Host/usbhost_lpc17xx.o
 .debug_line    0x00001c0f      0x8b8 ./Fat/usbhost_fat.o
 .debug_line    0x000024c7      0x3b6 ../../CMSISv2p00_LPC177x_8x/Debug/libCMSISv2p00_LPC177x_8x.a(system_LPC177x_8x.o)

.debug_macinfo  0x00000000    0x3ac32
 .debug_macinfo
                0x00000000     0x944c ./Uart/usbhost_uart.o
 .debug_macinfo
                0x0000944c     0x944c ./MassStorage/usbhost_ms.o
 .debug_macinfo
                0x00012898     0x3d98 ./Main/cr_startup_lpc17.o
 .debug_macinfo
                0x00016630     0x94c8 ./Main/usbhost_main.o
 .debug_macinfo
                0x0001faf8     0x944c ./Host/usbhost_lpc17xx.o
 .debug_macinfo
                0x00028f44     0x9465 ./Fat/usbhost_fat.o
 .debug_macinfo
                0x000323a9     0x8889 ../../CMSISv2p00_LPC177x_8x/Debug/libCMSISv2p00_LPC177x_8x.a(system_LPC177x_8x.o)

.debug_str      0x00000000     0x16a6
 .debug_str     0x00000000      0x5f3 ./Uart/usbhost_uart.o
                                0x63e (size before relaxing)
 .debug_str     0x000005f3      0x1f7 ./MassStorage/usbhost_ms.o
                                0x331 (size before relaxing)
 .debug_str     0x000007ea       0xf9 ./Main/cr_startup_lpc17.o
                                0x208 (size before relaxing)
 .debug_str     0x000008e3       0x58 ./Main/usbhost_main.o
                                0x1c4 (size before relaxing)
 .debug_str     0x0000093b      0x932 ./Host/usbhost_lpc17xx.o
                                0xf29 (size before relaxing)
 .debug_str     0x0000126d      0x396 ./Fat/usbhost_fat.o
                                0x55f (size before relaxing)
 .debug_str     0x00001603       0xa3 ../../CMSISv2p00_LPC177x_8x/Debug/libCMSISv2p00_LPC177x_8x.a(system_LPC177x_8x.o)
                                0x371 (size before relaxing)

.comment        0x00000000       0xe0
 .comment       0x00000000       0x70 ./Uart/usbhost_uart.o
                                 0x71 (size before relaxing)
 .comment       0x00000000       0x71 ./MassStorage/usbhost_ms.o
 .comment       0x00000000       0x71 ./Main/cr_startup_lpc17.o
 .comment       0x00000000       0x71 ./Main/usbhost_main.o
 .comment       0x00000000       0x71 ./Host/usbhost_lpc17xx.o
 .comment       0x00000000       0x71 ./Fat/usbhost_fat.o
 .comment       0x00000000       0x71 ../../CMSISv2p00_LPC177x_8x/Debug/libCMSISv2p00_LPC177x_8x.a(system_LPC177x_8x.o)
 .comment       0x00000070       0x70 /opt/lpcxpresso_6.0.2_151/lpcxpresso/tools/bin/../lib/gcc/arm-none-eabi/4.6.2/../../../../arm-none-eabi/lib/armv7-m/libcr_semihost.a(_cr__main.o)
                                 0x71 (size before relaxing)
 .comment       0x00000000       0x71 /opt/lpcxpresso_6.0.2_151/lpcxpresso/tools/bin/../lib/gcc/arm-none-eabi/4.6.2/../../../../arm-none-eabi/lib/armv7-m/libcr_c.a(fpprintf.o)
 .comment       0x00000000       0x71 /opt/lpcxpresso_6.0.2_151/lpcxpresso/tools/bin/../lib/gcc/arm-none-eabi/4.6.2/../../../../arm-none-eabi/lib/armv7-m/libcr_c.a(initio.o)
 .comment       0x00000000       0x71 /opt/lpcxpresso_6.0.2_151/lpcxpresso/tools/bin/../lib/gcc/arm-none-eabi/4.6.2/../../../../arm-none-eabi/lib/armv7-m/libcr_c.a(printf.o)
 .comment       0x00000000       0x71 /opt/lpcxpresso_6.0.2_151/lpcxpresso/tools/bin/../lib/gcc/arm-none-eabi/4.6.2/../../../../arm-none-eabi/lib/armv7-m/libcr_c.a(setvbuf.o)
 .comment       0x00000000       0x71 /opt/lpcxpresso_6.0.2_151/lpcxpresso/tools/bin/../lib/gcc/arm-none-eabi/4.6.2/../../../../arm-none-eabi/lib/armv7-m/libcr_c.a(stdio.o)
 .comment       0x00000000       0x71 /opt/lpcxpresso_6.0.2_151/lpcxpresso/tools/bin/../lib/gcc/arm-none-eabi/4.6.2/../../../../arm-none-eabi/lib/armv7-m/libcr_c.a(strlen.o)
 .comment       0x00000000       0x71 /opt/lpcxpresso_6.0.2_151/lpcxpresso/tools/bin/../lib/gcc/arm-none-eabi/4.6.2/../../../../arm-none-eabi/lib/armv7-m/libcr_c.a(memset.o)
 .comment       0x00000000       0x71 /opt/lpcxpresso_6.0.2_151/lpcxpresso/tools/bin/../lib/gcc/arm-none-eabi/4.6.2/../../../../arm-none-eabi/lib/armv7-m/libcr_c.a(__fillbuf.o)
 .comment       0x00000000       0x71 /opt/lpcxpresso_6.0.2_151/lpcxpresso/tools/bin/../lib/gcc/arm-none-eabi/4.6.2/../../../../arm-none-eabi/lib/armv7-m/libcr_c.a(_deferredlazyseek.o)
 .comment       0x00000000       0x71 /opt/lpcxpresso_6.0.2_151/lpcxpresso/tools/bin/../lib/gcc/arm-none-eabi/4.6.2/../../../../arm-none-eabi/lib/armv7-m/libcr_c.a(_fdopen.o)
 .comment       0x00000000       0x71 /opt/lpcxpresso_6.0.2_151/lpcxpresso/tools/bin/../lib/gcc/arm-none-eabi/4.6.2/../../../../arm-none-eabi/lib/armv7-m/libcr_c.a(_fflush.o)
 .comment       0x00000000       0x71 /opt/lpcxpresso_6.0.2_151/lpcxpresso/tools/bin/../lib/gcc/arm-none-eabi/4.6.2/../../../../arm-none-eabi/lib/armv7-m/libcr_c.a(_frexpl.o)
 .comment       0x00000000       0x71 /opt/lpcxpresso_6.0.2_151/lpcxpresso/tools/bin/../lib/gcc/arm-none-eabi/4.6.2/../../../../arm-none-eabi/lib/armv7-m/libcr_c.a(_ldexpl.o)
 .comment       0x00000000       0x71 /opt/lpcxpresso_6.0.2_151/lpcxpresso/tools/bin/../lib/gcc/arm-none-eabi/4.6.2/../../../../arm-none-eabi/lib/armv7-m/libcr_c.a(_writebuf.o)
 .comment       0x00000000       0x71 /opt/lpcxpresso_6.0.2_151/lpcxpresso/tools/bin/../lib/gcc/arm-none-eabi/4.6.2/../../../../arm-none-eabi/lib/armv7-m/libcr_c.a(alloc.o)
 .comment       0x00000000       0x71 /opt/lpcxpresso_6.0.2_151/lpcxpresso/tools/bin/../lib/gcc/arm-none-eabi/4.6.2/../../../../arm-none-eabi/lib/armv7-m/libcr_c.a(errno.o)
 .comment       0x00000000       0x71 /opt/lpcxpresso_6.0.2_151/lpcxpresso/tools/bin/../lib/gcc/arm-none-eabi/4.6.2/../../../../arm-none-eabi/lib/armv7-m/libcr_c.a(fclose.o)
 .comment       0x00000000       0x71 /opt/lpcxpresso_6.0.2_151/lpcxpresso/tools/bin/../lib/gcc/arm-none-eabi/4.6.2/../../../../arm-none-eabi/lib/armv7-m/libcr_c.a(fflush.o)
 .comment       0x00000000       0x71 /opt/lpcxpresso_6.0.2_151/lpcxpresso/tools/bin/../lib/gcc/arm-none-eabi/4.6.2/../../../../arm-none-eabi/lib/armv7-m/libcr_c.a(fseek.o)
 .comment       0x00000000       0x71 /opt/lpcxpresso_6.0.2_151/lpcxpresso/tools/bin/../lib/gcc/arm-none-eabi/4.6.2/../../../../arm-none-eabi/lib/armv7-m/libcr_c.a(ftell.o)
 .comment       0x00000000       0x71 /opt/lpcxpresso_6.0.2_151/lpcxpresso/tools/bin/../lib/gcc/arm-none-eabi/4.6.2/../../../../arm-none-eabi/lib/armv7-m/libcr_c.a(remove.o)
 .comment       0x00000000       0x71 /opt/lpcxpresso_6.0.2_151/lpcxpresso/tools/bin/../lib/gcc/arm-none-eabi/4.6.2/../../../../arm-none-eabi/lib/armv7-m/libcr_c.a(memcpy.o)
 .comment       0x00000000       0x71 /opt/lpcxpresso_6.0.2_151/lpcxpresso/tools/bin/../lib/gcc/arm-none-eabi/4.6.2/../../../../arm-none-eabi/lib/armv7-m/libcr_c.a(__init_alloc.o)
 .comment       0x00000000       0x71 /opt/lpcxpresso_6.0.2_151/lpcxpresso/tools/bin/../lib/gcc/arm-none-eabi/4.6.2/../../../../arm-none-eabi/lib/armv7-m/libcr_c.a(_do_fflush.o)
 .comment       0x00000000       0x71 /opt/lpcxpresso_6.0.2_151/lpcxpresso/tools/bin/../lib/gcc/arm-none-eabi/4.6.2/../../../../arm-none-eabi/lib/armv7-m/libcr_c.a(_hugeval.o)
 .comment       0x00000000       0x71 /opt/lpcxpresso_6.0.2_151/lpcxpresso/tools/bin/../lib/gcc/arm-none-eabi/4.6.2/armv7-m/libcr_eabihelpers.a(double.o)
 .comment       0x00000000       0x71 /opt/lpcxpresso_6.0.2_151/lpcxpresso/tools/bin/../lib/gcc/arm-none-eabi/4.6.2/../../../../arm-none-eabi/lib/armv7-m/libcr_semihost.a(_cr_sbrk.o)
 .comment       0x00000000       0x71 /opt/lpcxpresso_6.0.2_151/lpcxpresso/tools/bin/../lib/gcc/arm-none-eabi/4.6.2/../../../../arm-none-eabi/lib/armv7-m/libcr_semihost.a(_cr_check_heap.o)

.ARM.attributes
                0x00000000       0x31
 .ARM.attributes
                0x00000000       0x33 ./Uart/usbhost_uart.o
 .ARM.attributes
                0x00000033       0x33 ./MassStorage/usbhost_ms.o
 .ARM.attributes
                0x00000066       0x33 ./Main/cr_startup_lpc17.o
 .ARM.attributes
                0x00000099       0x33 ./Main/usbhost_main.o
 .ARM.attributes
                0x000000cc       0x33 ./Host/usbhost_lpc17xx.o
 .ARM.attributes
                0x000000ff       0x33 ./Fat/usbhost_fat.o
 .ARM.attributes
                0x00000132       0x33 ../../CMSISv2p00_LPC177x_8x/Debug/libCMSISv2p00_LPC177x_8x.a(system_LPC177x_8x.o)
 .ARM.attributes
                0x00000165       0x33 /opt/lpcxpresso_6.0.2_151/lpcxpresso/tools/bin/../lib/gcc/arm-none-eabi/4.6.2/../../../../arm-none-eabi/lib/armv7-m/libcr_semihost.a(_cr__main.o)
 .ARM.attributes
                0x00000198       0x33 /opt/lpcxpresso_6.0.2_151/lpcxpresso/tools/bin/../lib/gcc/arm-none-eabi/4.6.2/../../../../arm-none-eabi/lib/armv7-m/libcr_c.a(fpprintf.o)
 .ARM.attributes
                0x000001cb       0x33 /opt/lpcxpresso_6.0.2_151/lpcxpresso/tools/bin/../lib/gcc/arm-none-eabi/4.6.2/../../../../arm-none-eabi/lib/armv7-m/libcr_c.a(initio.o)
 .ARM.attributes
                0x000001fe       0x33 /opt/lpcxpresso_6.0.2_151/lpcxpresso/tools/bin/../lib/gcc/arm-none-eabi/4.6.2/../../../../arm-none-eabi/lib/armv7-m/libcr_c.a(printf.o)
 .ARM.attributes
                0x00000231       0x33 /opt/lpcxpresso_6.0.2_151/lpcxpresso/tools/bin/../lib/gcc/arm-none-eabi/4.6.2/../../../../arm-none-eabi/lib/armv7-m/libcr_c.a(setvbuf.o)
 .ARM.attributes
                0x00000264       0x33 /opt/lpcxpresso_6.0.2_151/lpcxpresso/tools/bin/../lib/gcc/arm-none-eabi/4.6.2/../../../../arm-none-eabi/lib/armv7-m/libcr_c.a(stdio.o)
 .ARM.attributes
                0x00000297       0x33 /opt/lpcxpresso_6.0.2_151/lpcxpresso/tools/bin/../lib/gcc/arm-none-eabi/4.6.2/../../../../arm-none-eabi/lib/armv7-m/libcr_c.a(strlen.o)
 .ARM.attributes
                0x000002ca       0x33 /opt/lpcxpresso_6.0.2_151/lpcxpresso/tools/bin/../lib/gcc/arm-none-eabi/4.6.2/../../../../arm-none-eabi/lib/armv7-m/libcr_c.a(memset.o)
 .ARM.attributes
                0x000002fd       0x33 /opt/lpcxpresso_6.0.2_151/lpcxpresso/tools/bin/../lib/gcc/arm-none-eabi/4.6.2/../../../../arm-none-eabi/lib/armv7-m/libcr_c.a(__fillbuf.o)
 .ARM.attributes
                0x00000330       0x33 /opt/lpcxpresso_6.0.2_151/lpcxpresso/tools/bin/../lib/gcc/arm-none-eabi/4.6.2/../../../../arm-none-eabi/lib/armv7-m/libcr_c.a(_deferredlazyseek.o)
 .ARM.attributes
                0x00000363       0x33 /opt/lpcxpresso_6.0.2_151/lpcxpresso/tools/bin/../lib/gcc/arm-none-eabi/4.6.2/../../../../arm-none-eabi/lib/armv7-m/libcr_c.a(_fdopen.o)
 .ARM.attributes
                0x00000396       0x33 /opt/lpcxpresso_6.0.2_151/lpcxpresso/tools/bin/../lib/gcc/arm-none-eabi/4.6.2/../../../../arm-none-eabi/lib/armv7-m/libcr_c.a(_fflush.o)
 .ARM.attributes
                0x000003c9       0x33 /opt/lpcxpresso_6.0.2_151/lpcxpresso/tools/bin/../lib/gcc/arm-none-eabi/4.6.2/../../../../arm-none-eabi/lib/armv7-m/libcr_c.a(_frexpl.o)
 .ARM.attributes
                0x000003fc       0x33 /opt/lpcxpresso_6.0.2_151/lpcxpresso/tools/bin/../lib/gcc/arm-none-eabi/4.6.2/../../../../arm-none-eabi/lib/armv7-m/libcr_c.a(_ldexpl.o)
 .ARM.attributes
                0x0000042f       0x33 /opt/lpcxpresso_6.0.2_151/lpcxpresso/tools/bin/../lib/gcc/arm-none-eabi/4.6.2/../../../../arm-none-eabi/lib/armv7-m/libcr_c.a(_writebuf.o)
 .ARM.attributes
                0x00000462       0x33 /opt/lpcxpresso_6.0.2_151/lpcxpresso/tools/bin/../lib/gcc/arm-none-eabi/4.6.2/../../../../arm-none-eabi/lib/armv7-m/libcr_c.a(alloc.o)
 .ARM.attributes
                0x00000495       0x33 /opt/lpcxpresso_6.0.2_151/lpcxpresso/tools/bin/../lib/gcc/arm-none-eabi/4.6.2/../../../../arm-none-eabi/lib/armv7-m/libcr_c.a(errno.o)
 .ARM.attributes
                0x000004c8       0x33 /opt/lpcxpresso_6.0.2_151/lpcxpresso/tools/bin/../lib/gcc/arm-none-eabi/4.6.2/../../../../arm-none-eabi/lib/armv7-m/libcr_c.a(fclose.o)
 .ARM.attributes
                0x000004fb       0x33 /opt/lpcxpresso_6.0.2_151/lpcxpresso/tools/bin/../lib/gcc/arm-none-eabi/4.6.2/../../../../arm-none-eabi/lib/armv7-m/libcr_c.a(fflush.o)
 .ARM.attributes
                0x0000052e       0x33 /opt/lpcxpresso_6.0.2_151/lpcxpresso/tools/bin/../lib/gcc/arm-none-eabi/4.6.2/../../../../arm-none-eabi/lib/armv7-m/libcr_c.a(fseek.o)
 .ARM.attributes
                0x00000561       0x33 /opt/lpcxpresso_6.0.2_151/lpcxpresso/tools/bin/../lib/gcc/arm-none-eabi/4.6.2/../../../../arm-none-eabi/lib/armv7-m/libcr_c.a(ftell.o)
 .ARM.attributes
                0x00000594       0x33 /opt/lpcxpresso_6.0.2_151/lpcxpresso/tools/bin/../lib/gcc/arm-none-eabi/4.6.2/../../../../arm-none-eabi/lib/armv7-m/libcr_c.a(remove.o)
 .ARM.attributes
                0x000005c7       0x33 /opt/lpcxpresso_6.0.2_151/lpcxpresso/tools/bin/../lib/gcc/arm-none-eabi/4.6.2/../../../../arm-none-eabi/lib/armv7-m/libcr_c.a(memcpy.o)
 .ARM.attributes
                0x000005fa       0x33 /opt/lpcxpresso_6.0.2_151/lpcxpresso/tools/bin/../lib/gcc/arm-none-eabi/4.6.2/../../../../arm-none-eabi/lib/armv7-m/libcr_c.a(__init_alloc.o)
 .ARM.attributes
                0x0000062d       0x33 /opt/lpcxpresso_6.0.2_151/lpcxpresso/tools/bin/../lib/gcc/arm-none-eabi/4.6.2/../../../../arm-none-eabi/lib/armv7-m/libcr_c.a(_do_fflush.o)
 .ARM.attributes
                0x00000660       0x33 /opt/lpcxpresso_6.0.2_151/lpcxpresso/tools/bin/../lib/gcc/arm-none-eabi/4.6.2/../../../../arm-none-eabi/lib/armv7-m/libcr_c.a(_hugeval.o)
 .ARM.attributes
                0x00000693       0x33 /opt/lpcxpresso_6.0.2_151/lpcxpresso/tools/bin/../lib/gcc/arm-none-eabi/4.6.2/armv7-m/libcr_eabihelpers.a(double.o)
 .ARM.attributes
                0x000006c6       0x21 /opt/lpcxpresso_6.0.2_151/lpcxpresso/tools/bin/../lib/gcc/arm-none-eabi/4.6.2/armv7-m/libcr_eabihelpers.a(memcpy.o)
 .ARM.attributes
                0x000006e7       0x21 /opt/lpcxpresso_6.0.2_151/lpcxpresso/tools/bin/../lib/gcc/arm-none-eabi/4.6.2/../../../../arm-none-eabi/lib/armv7-m/libcr_semihost.a(__sys_appexit.o)
 .ARM.attributes
                0x00000708       0x21 /opt/lpcxpresso_6.0.2_151/lpcxpresso/tools/bin/../lib/gcc/arm-none-eabi/4.6.2/../../../../arm-none-eabi/lib/armv7-m/libcr_semihost.a(__sys_close.o)
 .ARM.attributes
                0x00000729       0x21 /opt/lpcxpresso_6.0.2_151/lpcxpresso/tools/bin/../lib/gcc/arm-none-eabi/4.6.2/../../../../arm-none-eabi/lib/armv7-m/libcr_semihost.a(__sys_flen.o)
 .ARM.attributes
                0x0000074a       0x21 /opt/lpcxpresso_6.0.2_151/lpcxpresso/tools/bin/../lib/gcc/arm-none-eabi/4.6.2/../../../../arm-none-eabi/lib/armv7-m/libcr_semihost.a(__sys_istty.o)
 .ARM.attributes
                0x0000076b       0x21 /opt/lpcxpresso_6.0.2_151/lpcxpresso/tools/bin/../lib/gcc/arm-none-eabi/4.6.2/../../../../arm-none-eabi/lib/armv7-m/libcr_semihost.a(__sys_read.o)
 .ARM.attributes
                0x0000078c       0x21 /opt/lpcxpresso_6.0.2_151/lpcxpresso/tools/bin/../lib/gcc/arm-none-eabi/4.6.2/../../../../arm-none-eabi/lib/armv7-m/libcr_semihost.a(__sys_readc.o)
 .ARM.attributes
                0x000007ad       0x21 /opt/lpcxpresso_6.0.2_151/lpcxpresso/tools/bin/../lib/gcc/arm-none-eabi/4.6.2/../../../../arm-none-eabi/lib/armv7-m/libcr_semihost.a(__sys_remove.o)
 .ARM.attributes
                0x000007ce       0x21 /opt/lpcxpresso_6.0.2_151/lpcxpresso/tools/bin/../lib/gcc/arm-none-eabi/4.6.2/../../../../arm-none-eabi/lib/armv7-m/libcr_semihost.a(__sys_rename.o)
 .ARM.attributes
                0x000007ef       0x21 /opt/lpcxpresso_6.0.2_151/lpcxpresso/tools/bin/../lib/gcc/arm-none-eabi/4.6.2/../../../../arm-none-eabi/lib/armv7-m/libcr_semihost.a(__sys_seek.o)
 .ARM.attributes
                0x00000810       0x21 /opt/lpcxpresso_6.0.2_151/lpcxpresso/tools/bin/../lib/gcc/arm-none-eabi/4.6.2/../../../../arm-none-eabi/lib/armv7-m/libcr_semihost.a(__sys_tmpnam.o)
 .ARM.attributes
                0x00000831       0x21 /opt/lpcxpresso_6.0.2_151/lpcxpresso/tools/bin/../lib/gcc/arm-none-eabi/4.6.2/../../../../arm-none-eabi/lib/armv7-m/libcr_semihost.a(__sys_write.o)
 .ARM.attributes
                0x00000852       0x33 /opt/lpcxpresso_6.0.2_151/lpcxpresso/tools/bin/../lib/gcc/arm-none-eabi/4.6.2/../../../../arm-none-eabi/lib/armv7-m/libcr_semihost.a(_cr_sbrk.o)
 .ARM.attributes
                0x00000885       0x33 /opt/lpcxpresso_6.0.2_151/lpcxpresso/tools/bin/../lib/gcc/arm-none-eabi/4.6.2/../../../../arm-none-eabi/lib/armv7-m/libcr_semihost.a(_cr_check_heap.o)

.debug_frame    0x00000000      0x938
 .debug_frame   0x00000000       0x90 ./Uart/usbhost_uart.o
 .debug_frame   0x00000090      0x154 ./MassStorage/usbhost_ms.o
 .debug_frame   0x000001e4      0x120 ./Main/cr_startup_lpc17.o
 .debug_frame   0x00000304       0x90 ./Main/usbhost_main.o
 .debug_frame   0x00000394      0x2b0 ./Host/usbhost_lpc17xx.o
 .debug_frame   0x00000644      0x2bc ./Fat/usbhost_fat.o
 .debug_frame   0x00000900       0x38 ../../CMSISv2p00_LPC177x_8x/Debug/libCMSISv2p00_LPC177x_8x.a(system_LPC177x_8x.o)
